0 verbose cli C:\Program Files\nodejs\node.exe C:\Program Files\nodejs\node_modules\npm\bin\npm-cli.js
1 info using npm@11.11.0
2 info using node@v24.14.1
3 silly config load:file:C:\Program Files\nodejs\node_modules\npm\npmrc
4 silly config load:file:C:\snackpack-universe\website-snackpack-universe\play\last-bastion\.npmrc
5 silly config load:file:C:\Users\Mark\.npmrc
6 silly config load:file:C:\Users\Mark\AppData\Roaming\npm\etc\npmrc
7 verbose title npm view electron version
8 verbose argv "--cache" ".npm-cache" "view" "electron" "version"
9 verbose logfile logs-max:10 dir:C:\snackpack-universe\website-snackpack-universe\play\last-bastion\.npm-cache\_logs\2026-08-08T07_59_40_129Z-
10 verbose logfile C:\snackpack-universe\website-snackpack-universe\play\last-bastion\.npm-cache\_logs\2026-08-08T07_59_40_129Z-debug-0.log
11 silly logfile done cleaning log files
12 http fetch GET 200 https://registry.npmjs.org/npm 81ms
13 http fetch GET 200 https://registry.npmjs.org/electron 143ms (cache miss)
14 verbose cwd C:\snackpack-universe\website-snackpack-universe\play\last-bastion
15 verbose os Windows_NT 10.0.26200
16 verbose node v24.14.1
17 verbose npm  v11.11.0
18 notice
18 notice New minor version of npm available! 11.11.0 -> 11.19.0
18 notice Changelog: https://github.com/npm/cli/releases/tag/v11.19.0
18 notice To update run: npm install -g npm@11.19.0
18 notice  { force: true, Symbol(proc-log.meta): true }
19 verbose exit 0
20 info ok
