0 verbose cli C:\Program Files\nodejs\node.exe C:\Program Files\nodejs\node_modules\npm\bin\npm-cli.js
1 info using npm@11.11.0
2 info using node@v24.14.1
3 silly config load:file:C:\Program Files\nodejs\node_modules\npm\npmrc
4 silly config load:file:C:\snackpack-universe\website-snackpack-universe\play\last-bastion\desktop\.npmrc
5 silly config load:file:C:\Users\Mark\.npmrc
6 silly config load:file:C:\Users\Mark\AppData\Roaming\npm\etc\npmrc
7 verbose title npm install
8 verbose argv "--cache" "..\\.npm-cache" "install"
9 verbose logfile logs-max:10 dir:C:\snackpack-universe\website-snackpack-universe\play\last-bastion\.npm-cache\_logs\2026-08-08T08_03_44_711Z-
10 verbose logfile C:\snackpack-universe\website-snackpack-universe\play\last-bastion\.npm-cache\_logs\2026-08-08T08_03_44_711Z-debug-0.log
11 silly logfile done cleaning log files
12 silly packumentCache heap:4496293888 maxSize:1124073472 maxEntrySize:562036736
13 silly idealTree buildDeps
14 silly reify moves {}
15 silly audit bulk request {
15 silly audit   '@electron-internal/extract-zip': [ '1.0.5' ],
15 silly audit   '@electron/get': [ '5.1.0' ],
15 silly audit   '@types/node': [ '24.13.3' ],
15 silly audit   '@typescript/typescript-aix-ppc64': [ '7.0.2' ],
15 silly audit   '@typescript/typescript-darwin-arm64': [ '7.0.2' ],
15 silly audit   '@typescript/typescript-darwin-x64': [ '7.0.2' ],
15 silly audit   '@typescript/typescript-freebsd-arm64': [ '7.0.2' ],
15 silly audit   '@typescript/typescript-freebsd-x64': [ '7.0.2' ],
15 silly audit   '@typescript/typescript-linux-arm': [ '7.0.2' ],
15 silly audit   '@typescript/typescript-linux-arm64': [ '7.0.2' ],
15 silly audit   '@typescript/typescript-linux-loong64': [ '7.0.2' ],
15 silly audit   '@typescript/typescript-linux-mips64el': [ '7.0.2' ],
15 silly audit   '@typescript/typescript-linux-ppc64': [ '7.0.2' ],
15 silly audit   '@typescript/typescript-linux-riscv64': [ '7.0.2' ],
15 silly audit   '@typescript/typescript-linux-s390x': [ '7.0.2' ],
15 silly audit   '@typescript/typescript-linux-x64': [ '7.0.2' ],
15 silly audit   '@typescript/typescript-netbsd-arm64': [ '7.0.2' ],
15 silly audit   '@typescript/typescript-netbsd-x64': [ '7.0.2' ],
15 silly audit   '@typescript/typescript-openbsd-arm64': [ '7.0.2' ],
15 silly audit   '@typescript/typescript-openbsd-x64': [ '7.0.2' ],
15 silly audit   '@typescript/typescript-sunos-x64': [ '7.0.2' ],
15 silly audit   '@typescript/typescript-win32-arm64': [ '7.0.2' ],
15 silly audit   '@typescript/typescript-win32-x64': [ '7.0.2' ],
15 silly audit   debug: [ '4.4.3' ],
15 silly audit   electron: [ '43.3.0' ],
15 silly audit   'env-paths': [ '3.0.0' ],
15 silly audit   'graceful-fs': [ '4.2.11' ],
15 silly audit   ms: [ '2.1.3' ],
15 silly audit   progress: [ '2.0.3' ],
15 silly audit   semver: [ '7.8.5' ],
15 silly audit   sumchecker: [ '3.0.1' ],
15 silly audit   typescript: [ '7.0.2' ],
15 silly audit   undici: [ '7.29.0' ],
15 silly audit   'undici-types': [ '7.18.2' ]
15 silly audit }
16 http fetch POST 200 https://registry.npmjs.org/-/npm/v1/security/advisories/bulk 185ms
17 silly audit report {}
18 verbose cwd C:\snackpack-universe\website-snackpack-universe\play\last-bastion\desktop
19 verbose os Windows_NT 10.0.26200
20 verbose node v24.14.1
21 verbose npm  v11.11.0
22 verbose exit 0
23 info ok
