0 verbose cli C:\Program Files\nodejs\node.exe C:\Program Files\nodejs\node_modules\npm\bin\npm-cli.js
1 info using npm@11.11.0
2 info using node@v24.14.1
3 silly config load:file:C:\Program Files\nodejs\node_modules\npm\npmrc
4 silly config load:file:C:\snackpack-universe\website-snackpack-universe\play\last-bastion\desktop\.npmrc
5 silly config load:file:C:\Users\Mark\.npmrc
6 silly config load:file:C:\Users\Mark\AppData\Roaming\npm\etc\npmrc
7 verbose title npm install steamworks.js@0.4.0
8 verbose argv "--cache" "..\\.npm-cache" "install" "steamworks.js@0.4.0"
9 verbose logfile logs-max:10 dir:C:\snackpack-universe\website-snackpack-universe\play\last-bastion\.npm-cache\_logs\2026-08-08T08_16_35_933Z-
10 verbose logfile C:\snackpack-universe\website-snackpack-universe\play\last-bastion\.npm-cache\_logs\2026-08-08T08_16_35_933Z-debug-0.log
11 silly logfile done cleaning log files
12 silly packumentCache heap:4496293888 maxSize:1124073472 maxEntrySize:562036736
13 silly idealTree buildDeps
14 silly fetch manifest steamworks.js@0.4.0
15 silly packumentCache full:https://registry.npmjs.org/steamworks.js cache-miss
16 verbose shrinkwrap failed to load node_modules/.package-lock.json out of date, updated: node_modules/electron
17 http cache https://registry.npmjs.org/steamworks.js 11ms (cache hit)
18 silly packumentCache full:https://registry.npmjs.org/steamworks.js set size:95627 disposed:false
19 silly placeDep ROOT steamworks.js@0.4.0 OK for: last-bastion-desktop@0.0.1 want: 0.4.0
20 silly reify moves {}
21 silly audit bulk request {
21 silly audit   '@electron-internal/extract-zip': [ '1.0.5' ],
21 silly audit   '@electron/get': [ '5.1.0' ],
21 silly audit   '@types/node': [ '24.13.3' ],
21 silly audit   '@typescript/typescript-aix-ppc64': [ '7.0.2' ],
21 silly audit   '@typescript/typescript-darwin-arm64': [ '7.0.2' ],
21 silly audit   '@typescript/typescript-darwin-x64': [ '7.0.2' ],
21 silly audit   '@typescript/typescript-freebsd-arm64': [ '7.0.2' ],
21 silly audit   '@typescript/typescript-freebsd-x64': [ '7.0.2' ],
21 silly audit   '@typescript/typescript-linux-arm': [ '7.0.2' ],
21 silly audit   '@typescript/typescript-linux-arm64': [ '7.0.2' ],
21 silly audit   '@typescript/typescript-linux-loong64': [ '7.0.2' ],
21 silly audit   '@typescript/typescript-linux-mips64el': [ '7.0.2' ],
21 silly audit   '@typescript/typescript-linux-ppc64': [ '7.0.2' ],
21 silly audit   '@typescript/typescript-linux-riscv64': [ '7.0.2' ],
21 silly audit   '@typescript/typescript-linux-s390x': [ '7.0.2' ],
21 silly audit   '@typescript/typescript-linux-x64': [ '7.0.2' ],
21 silly audit   '@typescript/typescript-netbsd-arm64': [ '7.0.2' ],
21 silly audit   '@typescript/typescript-netbsd-x64': [ '7.0.2' ],
21 silly audit   '@typescript/typescript-openbsd-arm64': [ '7.0.2' ],
21 silly audit   '@typescript/typescript-openbsd-x64': [ '7.0.2' ],
21 silly audit   '@typescript/typescript-sunos-x64': [ '7.0.2' ],
21 silly audit   '@typescript/typescript-win32-arm64': [ '7.0.2' ],
21 silly audit   '@typescript/typescript-win32-x64': [ '7.0.2' ],
21 silly audit   debug: [ '4.4.3' ],
21 silly audit   electron: [ '43.3.0' ],
21 silly audit   'env-paths': [ '3.0.0' ],
21 silly audit   'graceful-fs': [ '4.2.11' ],
21 silly audit   ms: [ '2.1.3' ],
21 silly audit   progress: [ '2.0.3' ],
21 silly audit   semver: [ '7.8.5' ],
21 silly audit   sumchecker: [ '3.0.1' ],
21 silly audit   typescript: [ '7.0.2' ],
21 silly audit   undici: [ '7.29.0' ],
21 silly audit   'undici-types': [ '7.18.2' ],
21 silly audit   'steamworks.js': [ '0.4.0' ]
21 silly audit }
22 http cache steamworks.js@https://registry.npmjs.org/steamworks.js/-/steamworks.js-0.4.0.tgz 0ms (cache hit)
23 silly tarball no local data for steamworks.js@https://registry.npmjs.org/steamworks.js/-/steamworks.js-0.4.0.tgz. Extracting by manifest.
24 http fetch GET 200 https://registry.npmjs.org/steamworks.js/-/steamworks.js-0.4.0.tgz 143ms (cache miss)
25 http fetch POST 200 https://registry.npmjs.org/-/npm/v1/security/advisories/bulk 195ms
26 silly audit report {}
27 silly ADD node_modules/steamworks.js
28 verbose cwd C:\snackpack-universe\website-snackpack-universe\play\last-bastion\desktop
29 verbose os Windows_NT 10.0.26200
30 verbose node v24.14.1
31 verbose npm  v11.11.0
32 verbose exit 0
33 info ok
