0 verbose cli C:\Program Files\nodejs\node.exe C:\Program Files\nodejs\node_modules\npm\bin\npm-cli.js
1 info using npm@11.11.0
2 info using node@v24.14.1
3 silly config load:file:C:\Program Files\nodejs\node_modules\npm\npmrc
4 silly config load:file:C:\snackpack-universe\website-snackpack-universe\play\last-bastion\desktop\.npmrc
5 silly config load:file:C:\Users\Mark\.npmrc
6 silly config load:file:C:\Users\Mark\AppData\Roaming\npm\etc\npmrc
7 verbose title npm install
8 verbose argv "--cache" "..\\.npm-cache" "install" "--ignore-scripts"
9 verbose logfile logs-max:10 dir:C:\snackpack-universe\website-snackpack-universe\play\last-bastion\.npm-cache\_logs\2026-08-08T08_02_08_487Z-
10 verbose logfile C:\snackpack-universe\website-snackpack-universe\play\last-bastion\.npm-cache\_logs\2026-08-08T08_02_08_487Z-debug-0.log
11 silly logfile done cleaning log files
12 silly packumentCache heap:4496293888 maxSize:1124073472 maxEntrySize:562036736
13 silly idealTree buildDeps
14 silly fetch manifest electron@43.3.0
15 silly packumentCache full:https://registry.npmjs.org/electron cache-miss
16 http cache https://registry.npmjs.org/electron 10ms (cache hit)
17 silly packumentCache full:https://registry.npmjs.org/electron set size:4078497 disposed:false
18 silly fetch manifest typescript@7.0.2
19 silly packumentCache full:https://registry.npmjs.org/typescript cache-miss
20 http cache https://registry.npmjs.org/typescript 15ms (cache hit)
21 silly packumentCache full:https://registry.npmjs.org/typescript set size:15526511 disposed:false
22 silly placeDep ROOT electron@43.3.0 OK for: last-bastion-desktop@0.0.1 want: 43.3.0
23 silly placeDep ROOT typescript@7.0.2 OK for: last-bastion-desktop@0.0.1 want: 7.0.2
24 silly fetch manifest @types/node@^24.9.0
25 silly packumentCache full:https://registry.npmjs.org/@types%2fnode cache-miss
26 silly fetch manifest @electron/get@^5.0.0
27 silly packumentCache full:https://registry.npmjs.org/@electron%2fget cache-miss
28 silly fetch manifest @electron-internal/extract-zip@^1.0.1
29 silly packumentCache full:https://registry.npmjs.org/@electron-internal%2fextract-zip cache-miss
30 silly fetch manifest @typescript/typescript-aix-ppc64@7.0.2
31 silly packumentCache full:https://registry.npmjs.org/@typescript%2ftypescript-aix-ppc64 cache-miss
32 silly fetch manifest @typescript/typescript-linux-arm@7.0.2
33 silly packumentCache full:https://registry.npmjs.org/@typescript%2ftypescript-linux-arm cache-miss
34 silly fetch manifest @typescript/typescript-linux-x64@7.0.2
35 silly packumentCache full:https://registry.npmjs.org/@typescript%2ftypescript-linux-x64 cache-miss
36 silly fetch manifest @typescript/typescript-sunos-x64@7.0.2
37 silly packumentCache full:https://registry.npmjs.org/@typescript%2ftypescript-sunos-x64 cache-miss
38 silly fetch manifest @typescript/typescript-win32-x64@7.0.2
39 silly packumentCache full:https://registry.npmjs.org/@typescript%2ftypescript-win32-x64 cache-miss
40 silly fetch manifest @typescript/typescript-darwin-x64@7.0.2
41 silly packumentCache full:https://registry.npmjs.org/@typescript%2ftypescript-darwin-x64 cache-miss
42 silly fetch manifest @typescript/typescript-netbsd-x64@7.0.2
43 silly packumentCache full:https://registry.npmjs.org/@typescript%2ftypescript-netbsd-x64 cache-miss
44 silly fetch manifest @typescript/typescript-freebsd-x64@7.0.2
45 silly packumentCache full:https://registry.npmjs.org/@typescript%2ftypescript-freebsd-x64 cache-miss
46 silly fetch manifest @typescript/typescript-linux-arm64@7.0.2
47 silly packumentCache full:https://registry.npmjs.org/@typescript%2ftypescript-linux-arm64 cache-miss
48 silly fetch manifest @typescript/typescript-linux-ppc64@7.0.2
49 silly packumentCache full:https://registry.npmjs.org/@typescript%2ftypescript-linux-ppc64 cache-miss
50 silly fetch manifest @typescript/typescript-linux-s390x@7.0.2
51 silly packumentCache full:https://registry.npmjs.org/@typescript%2ftypescript-linux-s390x cache-miss
52 silly fetch manifest @typescript/typescript-openbsd-x64@7.0.2
53 silly packumentCache full:https://registry.npmjs.org/@typescript%2ftypescript-openbsd-x64 cache-miss
54 silly fetch manifest @typescript/typescript-win32-arm64@7.0.2
55 silly packumentCache full:https://registry.npmjs.org/@typescript%2ftypescript-win32-arm64 cache-miss
56 silly fetch manifest @typescript/typescript-darwin-arm64@7.0.2
57 silly packumentCache full:https://registry.npmjs.org/@typescript%2ftypescript-darwin-arm64 cache-miss
58 silly fetch manifest @typescript/typescript-netbsd-arm64@7.0.2
59 silly packumentCache full:https://registry.npmjs.org/@typescript%2ftypescript-netbsd-arm64 cache-miss
60 silly fetch manifest @typescript/typescript-freebsd-arm64@7.0.2
61 silly packumentCache full:https://registry.npmjs.org/@typescript%2ftypescript-freebsd-arm64 cache-miss
62 silly fetch manifest @typescript/typescript-linux-loong64@7.0.2
63 silly packumentCache full:https://registry.npmjs.org/@typescript%2ftypescript-linux-loong64 cache-miss
64 silly fetch manifest @typescript/typescript-linux-riscv64@7.0.2
65 silly packumentCache full:https://registry.npmjs.org/@typescript%2ftypescript-linux-riscv64 cache-miss
66 silly fetch manifest @typescript/typescript-openbsd-arm64@7.0.2
67 silly packumentCache full:https://registry.npmjs.org/@typescript%2ftypescript-openbsd-arm64 cache-miss
68 silly fetch manifest @typescript/typescript-linux-mips64el@7.0.2
69 silly packumentCache full:https://registry.npmjs.org/@typescript%2ftypescript-linux-mips64el cache-miss
70 http fetch GET 200 https://registry.npmjs.org/@typescript%2ftypescript-openbsd-x64 77ms (cache miss)
71 silly packumentCache full:https://registry.npmjs.org/@typescript%2ftypescript-openbsd-x64 set size:undefined disposed:false
72 http fetch GET 200 https://registry.npmjs.org/@typescript%2ftypescript-linux-ppc64 78ms (cache miss)
73 silly packumentCache full:https://registry.npmjs.org/@typescript%2ftypescript-linux-ppc64 set size:undefined disposed:false
74 http fetch GET 200 https://registry.npmjs.org/@typescript%2ftypescript-linux-arm64 79ms (cache miss)
75 silly packumentCache full:https://registry.npmjs.org/@typescript%2ftypescript-linux-arm64 set size:undefined disposed:false
76 http fetch GET 200 https://registry.npmjs.org/@typescript%2ftypescript-win32-x64 96ms (cache miss)
77 silly packumentCache full:https://registry.npmjs.org/@typescript%2ftypescript-win32-x64 set size:undefined disposed:false
78 http fetch GET 200 https://registry.npmjs.org/@typescript%2ftypescript-win32-arm64 97ms (cache miss)
79 silly packumentCache full:https://registry.npmjs.org/@typescript%2ftypescript-win32-arm64 set size:undefined disposed:false
80 http fetch GET 200 https://registry.npmjs.org/@typescript%2ftypescript-darwin-arm64 104ms (cache miss)
81 silly packumentCache full:https://registry.npmjs.org/@typescript%2ftypescript-darwin-arm64 set size:undefined disposed:false
82 http fetch GET 200 https://registry.npmjs.org/@typescript%2ftypescript-linux-riscv64 127ms (cache miss)
83 silly packumentCache full:https://registry.npmjs.org/@typescript%2ftypescript-linux-riscv64 set size:undefined disposed:false
84 http fetch GET 200 https://registry.npmjs.org/@typescript%2ftypescript-openbsd-arm64 148ms (cache miss)
85 silly packumentCache full:https://registry.npmjs.org/@typescript%2ftypescript-openbsd-arm64 set size:undefined disposed:false
86 http fetch GET 200 https://registry.npmjs.org/@typescript%2ftypescript-linux-mips64el 172ms (cache miss)
87 silly packumentCache full:https://registry.npmjs.org/@typescript%2ftypescript-linux-mips64el set size:undefined disposed:false
88 http fetch GET 200 https://registry.npmjs.org/@types%2fnode 190ms (cache miss)
89 silly packumentCache full:https://registry.npmjs.org/@types%2fnode set size:undefined disposed:false
90 http fetch GET 200 https://registry.npmjs.org/@typescript%2ftypescript-sunos-x64 227ms (cache miss)
91 silly packumentCache full:https://registry.npmjs.org/@typescript%2ftypescript-sunos-x64 set size:undefined disposed:false
92 http fetch GET 200 https://registry.npmjs.org/@electron%2fget 230ms (cache miss)
93 silly packumentCache full:https://registry.npmjs.org/@electron%2fget set size:undefined disposed:false
94 http fetch GET 200 https://registry.npmjs.org/@typescript%2ftypescript-freebsd-arm64 257ms (cache miss)
95 silly packumentCache full:https://registry.npmjs.org/@typescript%2ftypescript-freebsd-arm64 set size:undefined disposed:false
96 http fetch GET 200 https://registry.npmjs.org/@typescript%2ftypescript-linux-loong64 261ms (cache miss)
97 silly packumentCache full:https://registry.npmjs.org/@typescript%2ftypescript-linux-loong64 set size:undefined disposed:false
98 http fetch GET 200 https://registry.npmjs.org/@typescript%2ftypescript-netbsd-x64 338ms (cache miss)
99 silly packumentCache full:https://registry.npmjs.org/@typescript%2ftypescript-netbsd-x64 set size:undefined disposed:false
100 http fetch GET 200 https://registry.npmjs.org/@typescript%2ftypescript-darwin-x64 342ms (cache miss)
101 silly packumentCache full:https://registry.npmjs.org/@typescript%2ftypescript-darwin-x64 set size:undefined disposed:false
102 http fetch GET 200 https://registry.npmjs.org/@typescript%2ftypescript-aix-ppc64 343ms (cache miss)
103 silly packumentCache full:https://registry.npmjs.org/@typescript%2ftypescript-aix-ppc64 set size:undefined disposed:false
104 http fetch GET 200 https://registry.npmjs.org/@typescript%2ftypescript-linux-arm 345ms (cache miss)
105 silly packumentCache full:https://registry.npmjs.org/@typescript%2ftypescript-linux-arm set size:undefined disposed:false
106 http fetch GET 200 https://registry.npmjs.org/@typescript%2ftypescript-linux-s390x 346ms (cache miss)
107 silly packumentCache full:https://registry.npmjs.org/@typescript%2ftypescript-linux-s390x set size:undefined disposed:false
108 http fetch GET 200 https://registry.npmjs.org/@typescript%2ftypescript-linux-x64 358ms (cache miss)
109 silly packumentCache full:https://registry.npmjs.org/@typescript%2ftypescript-linux-x64 set size:undefined disposed:false
110 http fetch GET 200 https://registry.npmjs.org/@typescript%2ftypescript-netbsd-arm64 363ms (cache miss)
111 silly packumentCache full:https://registry.npmjs.org/@typescript%2ftypescript-netbsd-arm64 set size:undefined disposed:false
112 http fetch GET 200 https://registry.npmjs.org/@electron-internal%2fextract-zip 365ms (cache miss)
113 silly packumentCache full:https://registry.npmjs.org/@electron-internal%2fextract-zip set size:undefined disposed:false
114 http fetch GET 200 https://registry.npmjs.org/@typescript%2ftypescript-freebsd-x64 488ms (cache miss)
115 silly packumentCache full:https://registry.npmjs.org/@typescript%2ftypescript-freebsd-x64 set size:undefined disposed:false
116 silly placeDep ROOT @electron-internal/extract-zip@1.0.5 OK for: electron@43.3.0 want: ^1.0.1
117 silly placeDep ROOT @electron/get@5.1.0 OK for: electron@43.3.0 want: ^5.0.0
118 silly placeDep ROOT @types/node@24.13.3 OK for: electron@43.3.0 want: ^24.9.0
119 silly fetch manifest debug@^4.1.1
120 silly packumentCache full:https://registry.npmjs.org/debug cache-miss
121 silly fetch manifest semver@^7.6.3
122 silly packumentCache full:https://registry.npmjs.org/semver cache-miss
123 silly fetch manifest progress@^2.0.3
124 silly packumentCache full:https://registry.npmjs.org/progress cache-miss
125 silly fetch manifest env-paths@^3.0.0
126 silly packumentCache full:https://registry.npmjs.org/env-paths cache-miss
127 silly fetch manifest sumchecker@^3.0.1
128 silly packumentCache full:https://registry.npmjs.org/sumchecker cache-miss
129 silly fetch manifest graceful-fs@^4.2.11
130 silly packumentCache full:https://registry.npmjs.org/graceful-fs cache-miss
131 silly fetch manifest undici@^7.24.4
132 silly packumentCache full:https://registry.npmjs.org/undici cache-miss
133 silly fetch manifest undici-types@~7.18.0
134 silly packumentCache full:https://registry.npmjs.org/undici-types cache-miss
135 http fetch GET 200 https://registry.npmjs.org/env-paths 20ms (cache miss)
136 silly packumentCache full:https://registry.npmjs.org/env-paths set size:undefined disposed:false
137 http fetch GET 200 https://registry.npmjs.org/debug 23ms (cache miss)
138 silly packumentCache full:https://registry.npmjs.org/debug set size:undefined disposed:false
139 http fetch GET 200 https://registry.npmjs.org/progress 24ms (cache miss)
140 silly packumentCache full:https://registry.npmjs.org/progress set size:undefined disposed:false
141 http fetch GET 200 https://registry.npmjs.org/graceful-fs 25ms (cache miss)
142 silly packumentCache full:https://registry.npmjs.org/graceful-fs set size:undefined disposed:false
143 http fetch GET 200 https://registry.npmjs.org/semver 26ms (cache miss)
144 silly packumentCache full:https://registry.npmjs.org/semver set size:undefined disposed:false
145 http fetch GET 200 https://registry.npmjs.org/undici-types 28ms (cache miss)
146 silly packumentCache full:https://registry.npmjs.org/undici-types set size:undefined disposed:false
147 http fetch GET 200 https://registry.npmjs.org/undici 43ms (cache miss)
148 silly packumentCache full:https://registry.npmjs.org/undici set size:undefined disposed:false
149 http fetch GET 200 https://registry.npmjs.org/sumchecker 166ms (cache miss)
150 silly packumentCache full:https://registry.npmjs.org/sumchecker set size:undefined disposed:false
151 silly placeDep ROOT debug@4.4.3 OK for: @electron/get@5.1.0 want: ^4.1.1
152 silly placeDep ROOT env-paths@3.0.0 OK for: @electron/get@5.1.0 want: ^3.0.0
153 silly placeDep ROOT graceful-fs@4.2.11 OK for: @electron/get@5.1.0 want: ^4.2.11
154 silly placeDep ROOT progress@2.0.3 OK for: @electron/get@5.1.0 want: ^2.0.3
155 silly placeDep ROOT semver@7.8.5 OK for: @electron/get@5.1.0 want: ^7.6.3
156 silly placeDep ROOT sumchecker@3.0.1 OK for: @electron/get@5.1.0 want: ^3.0.1
157 silly placeDep ROOT undici@7.29.0 OK for: @electron/get@5.1.0 want: ^7.24.4
158 silly fetch manifest ms@^2.1.3
159 silly packumentCache full:https://registry.npmjs.org/ms cache-miss
160 http fetch GET 200 https://registry.npmjs.org/ms 17ms (cache miss)
161 silly packumentCache full:https://registry.npmjs.org/ms set size:undefined disposed:false
162 silly placeDep ROOT undici-types@7.18.2 OK for: @types/node@24.13.3 want: ~7.18.0
163 silly placeDep ROOT ms@2.1.3 OK for: debug@4.4.3 want: ^2.1.3
164 silly placeDep ROOT @typescript/typescript-aix-ppc64@7.0.2 OK for: typescript@7.0.2 want: 7.0.2
165 silly placeDep ROOT @typescript/typescript-darwin-arm64@7.0.2 OK for: typescript@7.0.2 want: 7.0.2
166 silly placeDep ROOT @typescript/typescript-darwin-x64@7.0.2 OK for: typescript@7.0.2 want: 7.0.2
167 silly placeDep ROOT @typescript/typescript-freebsd-arm64@7.0.2 OK for: typescript@7.0.2 want: 7.0.2
168 silly placeDep ROOT @typescript/typescript-freebsd-x64@7.0.2 OK for: typescript@7.0.2 want: 7.0.2
169 silly placeDep ROOT @typescript/typescript-linux-arm@7.0.2 OK for: typescript@7.0.2 want: 7.0.2
170 silly placeDep ROOT @typescript/typescript-linux-arm64@7.0.2 OK for: typescript@7.0.2 want: 7.0.2
171 silly placeDep ROOT @typescript/typescript-linux-loong64@7.0.2 OK for: typescript@7.0.2 want: 7.0.2
172 silly placeDep ROOT @typescript/typescript-linux-mips64el@7.0.2 OK for: typescript@7.0.2 want: 7.0.2
173 silly placeDep ROOT @typescript/typescript-linux-ppc64@7.0.2 OK for: typescript@7.0.2 want: 7.0.2
174 silly placeDep ROOT @typescript/typescript-linux-riscv64@7.0.2 OK for: typescript@7.0.2 want: 7.0.2
175 silly placeDep ROOT @typescript/typescript-linux-s390x@7.0.2 OK for: typescript@7.0.2 want: 7.0.2
176 silly placeDep ROOT @typescript/typescript-linux-x64@7.0.2 OK for: typescript@7.0.2 want: 7.0.2
177 silly placeDep ROOT @typescript/typescript-netbsd-arm64@7.0.2 OK for: typescript@7.0.2 want: 7.0.2
178 silly placeDep ROOT @typescript/typescript-netbsd-x64@7.0.2 OK for: typescript@7.0.2 want: 7.0.2
179 silly placeDep ROOT @typescript/typescript-openbsd-arm64@7.0.2 OK for: typescript@7.0.2 want: 7.0.2
180 silly placeDep ROOT @typescript/typescript-openbsd-x64@7.0.2 OK for: typescript@7.0.2 want: 7.0.2
181 silly placeDep ROOT @typescript/typescript-sunos-x64@7.0.2 OK for: typescript@7.0.2 want: 7.0.2
182 silly placeDep ROOT @typescript/typescript-win32-arm64@7.0.2 OK for: typescript@7.0.2 want: 7.0.2
183 silly placeDep ROOT @typescript/typescript-win32-x64@7.0.2 OK for: typescript@7.0.2 want: 7.0.2
184 silly reify moves {}
185 silly audit bulk request {
185 silly audit   electron: [ '43.3.0' ],
185 silly audit   typescript: [ '7.0.2' ],
185 silly audit   '@electron-internal/extract-zip': [ '1.0.5' ],
185 silly audit   '@electron/get': [ '5.1.0' ],
185 silly audit   '@types/node': [ '24.13.3' ],
185 silly audit   debug: [ '4.4.3' ],
185 silly audit   'env-paths': [ '3.0.0' ],
185 silly audit   'graceful-fs': [ '4.2.11' ],
185 silly audit   progress: [ '2.0.3' ],
185 silly audit   semver: [ '7.8.5' ],
185 silly audit   sumchecker: [ '3.0.1' ],
185 silly audit   undici: [ '7.29.0' ],
185 silly audit   'undici-types': [ '7.18.2' ],
185 silly audit   ms: [ '2.1.3' ],
185 silly audit   '@typescript/typescript-aix-ppc64': [ '7.0.2' ],
185 silly audit   '@typescript/typescript-darwin-arm64': [ '7.0.2' ],
185 silly audit   '@typescript/typescript-darwin-x64': [ '7.0.2' ],
185 silly audit   '@typescript/typescript-freebsd-arm64': [ '7.0.2' ],
185 silly audit   '@typescript/typescript-freebsd-x64': [ '7.0.2' ],
185 silly audit   '@typescript/typescript-linux-arm': [ '7.0.2' ],
185 silly audit   '@typescript/typescript-linux-arm64': [ '7.0.2' ],
185 silly audit   '@typescript/typescript-linux-loong64': [ '7.0.2' ],
185 silly audit   '@typescript/typescript-linux-mips64el': [ '7.0.2' ],
185 silly audit   '@typescript/typescript-linux-ppc64': [ '7.0.2' ],
185 silly audit   '@typescript/typescript-linux-riscv64': [ '7.0.2' ],
185 silly audit   '@typescript/typescript-linux-s390x': [ '7.0.2' ],
185 silly audit   '@typescript/typescript-linux-x64': [ '7.0.2' ],
185 silly audit   '@typescript/typescript-netbsd-arm64': [ '7.0.2' ],
185 silly audit   '@typescript/typescript-netbsd-x64': [ '7.0.2' ],
185 silly audit   '@typescript/typescript-openbsd-arm64': [ '7.0.2' ],
185 silly audit   '@typescript/typescript-openbsd-x64': [ '7.0.2' ],
185 silly audit   '@typescript/typescript-sunos-x64': [ '7.0.2' ],
185 silly audit   '@typescript/typescript-win32-arm64': [ '7.0.2' ],
185 silly audit   '@typescript/typescript-win32-x64': [ '7.0.2' ]
185 silly audit }
186 http cache @typescript/typescript-win32-x64@https://registry.npmjs.org/@typescript/typescript-win32-x64/-/typescript-win32-x64-7.0.2.tgz 0ms (cache hit)
187 http cache sumchecker@https://registry.npmjs.org/sumchecker/-/sumchecker-3.0.1.tgz 0ms (cache hit)
188 http cache ms@https://registry.npmjs.org/ms/-/ms-2.1.3.tgz 0ms (cache hit)
189 http cache undici@https://registry.npmjs.org/undici/-/undici-7.29.0.tgz 0ms (cache hit)
190 http cache undici-types@https://registry.npmjs.org/undici-types/-/undici-types-7.18.2.tgz 0ms (cache hit)
191 http cache semver@https://registry.npmjs.org/semver/-/semver-7.8.5.tgz 0ms (cache hit)
192 http cache progress@https://registry.npmjs.org/progress/-/progress-2.0.3.tgz 0ms (cache hit)
193 http cache graceful-fs@https://registry.npmjs.org/graceful-fs/-/graceful-fs-4.2.11.tgz 0ms (cache hit)
194 http cache env-paths@https://registry.npmjs.org/env-paths/-/env-paths-3.0.0.tgz 0ms (cache hit)
195 http cache @types/node@https://registry.npmjs.org/@types/node/-/node-24.13.3.tgz 0ms (cache hit)
196 http cache debug@https://registry.npmjs.org/debug/-/debug-4.4.3.tgz 0ms (cache hit)
197 http cache @electron-internal/extract-zip@https://registry.npmjs.org/@electron-internal/extract-zip/-/extract-zip-1.0.5.tgz 0ms (cache hit)
198 http cache @electron/get@https://registry.npmjs.org/@electron/get/-/get-5.1.0.tgz 0ms (cache hit)
199 silly tarball no local data for @typescript/typescript-win32-x64@https://registry.npmjs.org/@typescript/typescript-win32-x64/-/typescript-win32-x64-7.0.2.tgz. Extracting by manifest.
200 silly tarball no local data for sumchecker@https://registry.npmjs.org/sumchecker/-/sumchecker-3.0.1.tgz. Extracting by manifest.
201 silly tarball no local data for ms@https://registry.npmjs.org/ms/-/ms-2.1.3.tgz. Extracting by manifest.
202 silly tarball no local data for undici@https://registry.npmjs.org/undici/-/undici-7.29.0.tgz. Extracting by manifest.
203 silly tarball no local data for undici-types@https://registry.npmjs.org/undici-types/-/undici-types-7.18.2.tgz. Extracting by manifest.
204 silly tarball no local data for semver@https://registry.npmjs.org/semver/-/semver-7.8.5.tgz. Extracting by manifest.
205 silly tarball no local data for progress@https://registry.npmjs.org/progress/-/progress-2.0.3.tgz. Extracting by manifest.
206 http cache electron@https://registry.npmjs.org/electron/-/electron-43.3.0.tgz 0ms (cache hit)
207 silly tarball no local data for graceful-fs@https://registry.npmjs.org/graceful-fs/-/graceful-fs-4.2.11.tgz. Extracting by manifest.
208 silly tarball no local data for env-paths@https://registry.npmjs.org/env-paths/-/env-paths-3.0.0.tgz. Extracting by manifest.
209 silly tarball no local data for @types/node@https://registry.npmjs.org/@types/node/-/node-24.13.3.tgz. Extracting by manifest.
210 silly tarball no local data for debug@https://registry.npmjs.org/debug/-/debug-4.4.3.tgz. Extracting by manifest.
211 silly tarball no local data for @electron-internal/extract-zip@https://registry.npmjs.org/@electron-internal/extract-zip/-/extract-zip-1.0.5.tgz. Extracting by manifest.
212 http cache typescript@https://registry.npmjs.org/typescript/-/typescript-7.0.2.tgz 0ms (cache hit)
213 silly tarball no local data for @electron/get@https://registry.npmjs.org/@electron/get/-/get-5.1.0.tgz. Extracting by manifest.
214 silly tarball no local data for electron@https://registry.npmjs.org/electron/-/electron-43.3.0.tgz. Extracting by manifest.
215 silly tarball no local data for typescript@https://registry.npmjs.org/typescript/-/typescript-7.0.2.tgz. Extracting by manifest.
216 http fetch GET 200 https://registry.npmjs.org/env-paths/-/env-paths-3.0.0.tgz 40ms (cache miss)
217 http fetch GET 200 https://registry.npmjs.org/ms/-/ms-2.1.3.tgz 41ms (cache miss)
218 http fetch GET 200 https://registry.npmjs.org/progress/-/progress-2.0.3.tgz 44ms (cache miss)
219 http fetch GET 200 https://registry.npmjs.org/graceful-fs/-/graceful-fs-4.2.11.tgz 50ms (cache miss)
220 http fetch GET 200 https://registry.npmjs.org/debug/-/debug-4.4.3.tgz 50ms (cache miss)
221 http fetch GET 200 https://registry.npmjs.org/sumchecker/-/sumchecker-3.0.1.tgz 72ms (cache miss)
222 http fetch GET 200 https://registry.npmjs.org/electron/-/electron-43.3.0.tgz 74ms (cache miss)
223 http fetch GET 200 https://registry.npmjs.org/undici-types/-/undici-types-7.18.2.tgz 102ms (cache miss)
224 http fetch GET 200 https://registry.npmjs.org/semver/-/semver-7.8.5.tgz 124ms (cache miss)
225 http fetch POST 200 https://registry.npmjs.org/-/npm/v1/security/advisories/bulk 168ms
226 silly audit report {}
227 http fetch GET 200 https://registry.npmjs.org/@types/node/-/node-24.13.3.tgz 184ms (cache miss)
228 http fetch GET 200 https://registry.npmjs.org/@electron/get/-/get-5.1.0.tgz 227ms (cache miss)
229 http fetch GET 200 https://registry.npmjs.org/@electron-internal/extract-zip/-/extract-zip-1.0.5.tgz 271ms (cache miss)
230 http fetch GET 200 https://registry.npmjs.org/@typescript/typescript-win32-x64/-/typescript-win32-x64-7.0.2.tgz 408ms (cache miss)
231 http fetch GET 200 https://registry.npmjs.org/undici/-/undici-7.29.0.tgz 410ms (cache miss)
232 http fetch GET 200 https://registry.npmjs.org/typescript/-/typescript-7.0.2.tgz 611ms (cache miss)
233 silly ADD node_modules/@typescript/typescript-win32-x64
234 silly ADD node_modules/ms
235 silly ADD node_modules/undici-types
236 silly ADD node_modules/undici
237 silly ADD node_modules/sumchecker
238 silly ADD node_modules/semver
239 silly ADD node_modules/progress
240 silly ADD node_modules/graceful-fs
241 silly ADD node_modules/env-paths
242 silly ADD node_modules/debug
243 silly ADD node_modules/@types/node
244 silly ADD node_modules/@electron/get
245 silly ADD node_modules/@electron-internal/extract-zip
246 silly ADD node_modules/typescript
247 silly ADD node_modules/electron
248 verbose cwd C:\snackpack-universe\website-snackpack-universe\play\last-bastion\desktop
249 verbose os Windows_NT 10.0.26200
250 verbose node v24.14.1
251 verbose npm  v11.11.0
252 verbose exit 0
253 info ok
